io/nabiullin/ppmtool2/payload/LoginRequest.class
io/nabiullin/ppmtool2/exceptions/ProjectIdExceptionResponse.class
io/nabiullin/ppmtool2/services/UserService.class
io/nabiullin/ppmtool2/exceptions/ProjectNotFoundExceptionResponse.class
io/nabiullin/ppmtool2/exceptions/UsernameAlreadyExistsException.class
io/nabiullin/ppmtool2/exceptions/ProjectNotFoundException.class
io/nabiullin/ppmtool2/exceptions/ProjectIdException.class
io/nabiullin/ppmtool2/security/JwtAuthenticationFilter.class
io/nabiullin/ppmtool2/exceptions/UsernameAlreadyExistsResponse.class
io/nabiullin/ppmtool2/services/ProjectService.class
io/nabiullin/ppmtool2/security/SecurityConstants.class
io/nabiullin/ppmtool2/web/UserController.class
io/nabiullin/ppmtool2/domain/ProjectTask.class
io/nabiullin/ppmtool2/repositories/UserRepository.class
io/nabiullin/ppmtool2/repositories/ProjectRepository.class
io/nabiullin/ppmtool2/validator/UserValidator.class
io/nabiullin/ppmtool2/services/MapValidationErrorService.class
io/nabiullin/ppmtool2/repositories/ProjectTaskRepository.class
io/nabiullin/ppmtool2/exceptions/InvalidLoginResponse.class
io/nabiullin/ppmtool2/web/ProjectController.class
io/nabiullin/ppmtool2/payload/JWTLoginSucessReponse.class
io/nabiullin/ppmtool2/exceptions/CustomResponseEntityExceptionHandler.class
io/nabiullin/ppmtool2/services/ProjectTaskService.class
io/nabiullin/ppmtool2/services/CustomUserDetailsService.class
io/nabiullin/ppmtool2/security/JwtTokenProvider.class
io/nabiullin/ppmtool2/domain/Backlog.class
io/nabiullin/ppmtool2/repositories/BacklogRepository.class
io/nabiullin/ppmtool2/security/SecurityConfig.class
io/nabiullin/ppmtool2/domain/Project.class
io/nabiullin/ppmtool2/security/JwtAuthenticationEntryPoint.class
io/nabiullin/ppmtool2/Ppmtool2Application.class
io/nabiullin/ppmtool2/web/BacklogController.class
io/nabiullin/ppmtool2/domain/User.class
