/Users/arthurnabiullin/Movies/Heroku Spring/src/main/java/io/nabiullin/ppmtool2/repositories/BacklogRepository.java
/Users/arthurnabiullin/Movies/Heroku Spring/src/main/java/io/nabiullin/ppmtool2/repositories/UserRepository.java
/Users/arthurnabiullin/Movies/Heroku Spring/src/main/java/io/nabiullin/ppmtool2/services/ProjectService.java
/Users/arthurnabiullin/Movies/Heroku Spring/src/main/java/io/nabiullin/ppmtool2/exceptions/UsernameAlreadyExistsException.java
/Users/arthurnabiullin/Movies/Heroku Spring/src/main/java/io/nabiullin/ppmtool2/exceptions/UsernameAlreadyExistsResponse.java
/Users/arthurnabiullin/Movies/Heroku Spring/src/main/java/io/nabiullin/ppmtool2/security/SecurityConfig.java
/Users/arthurnabiullin/Movies/Heroku Spring/src/main/java/io/nabiullin/ppmtool2/web/BacklogController.java
/Users/arthurnabiullin/Movies/Heroku Spring/src/main/java/io/nabiullin/ppmtool2/repositories/ProjectTaskRepository.java
/Users/arthurnabiullin/Movies/Heroku Spring/src/main/java/io/nabiullin/ppmtool2/exceptions/CustomResponseEntityExceptionHandler.java
/Users/arthurnabiullin/Movies/Heroku Spring/src/main/java/io/nabiullin/ppmtool2/payload/JWTLoginSucessReponse.java
/Users/arthurnabiullin/Movies/Heroku Spring/src/main/java/io/nabiullin/ppmtool2/repositories/ProjectRepository.java
/Users/arthurnabiullin/Movies/Heroku Spring/src/main/java/io/nabiullin/ppmtool2/exceptions/ProjectIdExceptionResponse.java
/Users/arthurnabiullin/Movies/Heroku Spring/src/main/java/io/nabiullin/ppmtool2/web/ProjectController.java
/Users/arthurnabiullin/Movies/Heroku Spring/src/main/java/io/nabiullin/ppmtool2/Ppmtool2Application.java
/Users/arthurnabiullin/Movies/Heroku Spring/src/main/java/io/nabiullin/ppmtool2/domain/ProjectTask.java
/Users/arthurnabiullin/Movies/Heroku Spring/src/main/java/io/nabiullin/ppmtool2/web/UserController.java
/Users/arthurnabiullin/Movies/Heroku Spring/src/main/java/io/nabiullin/ppmtool2/exceptions/InvalidLoginResponse.java
/Users/arthurnabiullin/Movies/Heroku Spring/src/main/java/io/nabiullin/ppmtool2/security/JwtTokenProvider.java
/Users/arthurnabiullin/Movies/Heroku Spring/src/main/java/io/nabiullin/ppmtool2/validator/UserValidator.java
/Users/arthurnabiullin/Movies/Heroku Spring/src/main/java/io/nabiullin/ppmtool2/domain/User.java
/Users/arthurnabiullin/Movies/Heroku Spring/src/main/java/io/nabiullin/ppmtool2/services/ProjectTaskService.java
/Users/arthurnabiullin/Movies/Heroku Spring/src/main/java/io/nabiullin/ppmtool2/exceptions/ProjectNotFoundExceptionResponse.java
/Users/arthurnabiullin/Movies/Heroku Spring/src/main/java/io/nabiullin/ppmtool2/security/JwtAuthenticationEntryPoint.java
/Users/arthurnabiullin/Movies/Heroku Spring/src/main/java/io/nabiullin/ppmtool2/security/JwtAuthenticationFilter.java
/Users/arthurnabiullin/Movies/Heroku Spring/src/main/java/io/nabiullin/ppmtool2/security/SecurityConstants.java
/Users/arthurnabiullin/Movies/Heroku Spring/src/main/java/io/nabiullin/ppmtool2/domain/Project.java
/Users/arthurnabiullin/Movies/Heroku Spring/src/main/java/io/nabiullin/ppmtool2/services/UserService.java
/Users/arthurnabiullin/Movies/Heroku Spring/src/main/java/io/nabiullin/ppmtool2/exceptions/ProjectNotFoundException.java
/Users/arthurnabiullin/Movies/Heroku Spring/src/main/java/io/nabiullin/ppmtool2/payload/LoginRequest.java
/Users/arthurnabiullin/Movies/Heroku Spring/src/main/java/io/nabiullin/ppmtool2/services/MapValidationErrorService.java
/Users/arthurnabiullin/Movies/Heroku Spring/src/main/java/io/nabiullin/ppmtool2/services/CustomUserDetailsService.java
/Users/arthurnabiullin/Movies/Heroku Spring/src/main/java/io/nabiullin/ppmtool2/exceptions/ProjectIdException.java
/Users/arthurnabiullin/Movies/Heroku Spring/src/main/java/io/nabiullin/ppmtool2/domain/Backlog.java
